******************************************************************************
                  TI ARM Linker PC v5.2.6                      
******************************************************************************
>> Linked Wed Apr 06 13:14:45 2016

OUTPUT FILE NAME:   <timer_a_continuous_overflow_interrupt.out>
ENTRY POINT SYMBOL: "_c_int00"  address: 000004b5


MEMORY CONFIGURATION

         name            origin    length      used     unused   attr    fill
----------------------  --------  ---------  --------  --------  ----  --------
  FLASH                 00000000   00040000  000006b0  0003f950  R  X
  FLASH_OTP             00200000   00004000  00000000  00004000  R  X
  SRAM                  20000000   00010000  00000214  0000fdec  RW X


SEGMENT ALLOCATION MAP

run origin  load origin   length   init length attrs members
----------  ----------- ---------- ----------- ----- -------
00000000    00000000    000006b0   000006b0    r-x
  00000000    00000000    00000144   00000144    r-- .intvecs
  00000144    00000144    0000050c   0000050c    r-x .text
  00000650    00000650    00000040   00000040    r-- .const
  00000690    00000690    00000020   00000020    r-- .cinit
20000000    20000000    00000014   00000000    rw-
  20000000    20000000    00000014   00000000    rw- .data
2000fe00    2000fe00    00000200   00000000    rw-
  2000fe00    2000fe00    00000200   00000000    rw- .stack


SECTION ALLOCATION MAP

 output                                  attributes/
section   page    origin      length       input sections
--------  ----  ----------  ----------   ----------------
.intvecs   0    00000000    00000144     
                  00000000    00000144     msp432_startup_ccs.obj (.intvecs)

.text      0    00000144    0000050c     
                  00000144    000000e0     msp432p4xx_driverlib.lib : cs.o (.text:CS_initClockSignal)
                  00000224    000000a0     timer_a_continuous_overflow_interrupt.obj (.text)
                  000002c4    0000009c     rtsv7M4_T_le_v4SPD16_eabi.lib : memcpy_t2.obj (.text)
                  00000360    0000007a                                   : memset_t2.obj (.text)
                  000003da    00000002     --HOLE-- [fill = 0]
                  000003dc    0000006c                                   : autoinit.obj (.text)
                  00000448    0000006a                                   : copy_decompress_rle.obj (.text)
                  000004b2    00000002     --HOLE-- [fill = 0]
                  000004b4    00000050                                   : boot.obj (.text)
                  00000504    0000004c                                   : cpy_tbl.obj (.text)
                  00000550    00000044                                   : exit.obj (.text)
                  00000594    00000024     msp432p4xx_driverlib.lib : gpio.o (.text:GPIO_setAsOutputPin)
                  000005b8    0000001c                              : cs.o (.text:CS_setReferenceOscillatorFrequency)
                  000005d4    00000018                              : gpio.o (.text:GPIO_setOutputLowOnPin)
                  000005ec    00000018     rtsv7M4_T_le_v4SPD16_eabi.lib : args_main.obj (.text)
                  00000604    00000014     msp432p4xx_driverlib.lib : gpio.o (.text:GPIO_toggleOutputOnPin)
                  00000618    00000014     rtsv7M4_T_le_v4SPD16_eabi.lib : _lock.obj (.text)
                  0000062c    0000000e                                   : copy_decompress_none.obj (.text:decompress:none)
                  0000063a    0000000c     msp432_startup_ccs.obj (.text)
                  00000646    00000006     rtsv7M4_T_le_v4SPD16_eabi.lib : copy_decompress_rle.obj (.text:decompress:rle24)
                  0000064c    00000004                                   : pre_init.obj (.text)

.const     0    00000650    00000040     
                  00000650    00000030     msp432p4xx_driverlib.lib : gpio.o (.const:GPIO_PORT_TO_BASE)
                  00000680    00000010     timer_a_continuous_overflow_interrupt.obj (.const)

.cinit     0    00000690    00000020     
                  00000690    0000000f     (.cinit..data.load) [load image, compression = rle]
                  0000069f    00000001     --HOLE-- [fill = 0]
                  000006a0    00000008     (__TI_handler_table)
                  000006a8    00000008     (__TI_cinit_table)

.data      0    20000000    00000014     UNINITIALIZED
                  20000000    00000008     rtsv7M4_T_le_v4SPD16_eabi.lib : _lock.obj (.data)
                  20000008    00000008                                   : exit.obj (.data)
                  20000010    00000004                                   : stkdepth_vars.obj (.data)

.TI.persistent 
*          0    20000000    00000000     UNINITIALIZED

.stack     0    2000fe00    00000200     UNINITIALIZED
                  2000fe00    00000200     --HOLE--


LINKER GENERATED COPY TABLES

__TI_cinit_table @ 000006a8 records: 1, size/record: 8, table size: 8
	.data: load addr=00000690, load size=0000000f bytes, run addr=20000000, run size=00000014 bytes, compression=rle


LINKER GENERATED HANDLER TABLE

__TI_handler_table @ 000006a0 records: 2, size/record: 4, table size: 8
	index: 0, handler: __TI_decompress_rle24
	index: 1, handler: __TI_decompress_none


GLOBAL SYMBOLS: SORTED ALPHABETICALLY BY Name 

address   name                              
-------   ----                              
00000551  C$$EXIT                           
00000145  CS_initClockSignal                
000005b9  CS_setReferenceOscillatorFrequency
00000595  GPIO_setAsOutputPin               
000005d5  GPIO_setOutputLowOnPin            
00000605  GPIO_toggleOutputOnPin            
0000063b  ResetISR                          
UNDEFED   SHT$$INIT_ARRAY$$Base             
UNDEFED   SHT$$INIT_ARRAY$$Limit            
20010000  __STACK_END                       
00000200  __STACK_SIZE                      
000006a8  __TI_CINIT_Base                   
000006b0  __TI_CINIT_Limit                  
000006a0  __TI_Handler_Table_Base           
000006a8  __TI_Handler_Table_Limit          
000003dd  __TI_auto_init                    
20000008  __TI_cleanup_ptr                  
0000062d  __TI_decompress_none              
00000647  __TI_decompress_rle24             
2000000c  __TI_dtors_ptr                    
00000000  __TI_static_base__                
00000361  __aeabi_memclr                    
00000361  __aeabi_memclr4                   
00000361  __aeabi_memclr8                   
000002c5  __aeabi_memcpy                    
000002c5  __aeabi_memcpy4                   
000002c5  __aeabi_memcpy8                   
00000363  __aeabi_memset                    
00000363  __aeabi_memset4                   
00000363  __aeabi_memset8                   
ffffffff  __binit__                         
ffffffff  __c_args__                        
2000fe00  __stack                           
000005ed  _args_main                        
000004b5  _c_int00                          
20000000  _lock                             
00000627  _nop                              
0000061f  _register_lock                    
00000619  _register_unlock                  
0000064d  _system_pre_init                  
20000004  _unlock                           
00000555  abort                             
ffffffff  binit                             
00000680  continuousModeConfig              
00000505  copy_in                           
0000055d  exit                              
00000000  g_pfnVectors                      
00000225  main                              
20000010  main_func_sp                      
000002c5  memcpy                            
00000369  memset                            
00000297  timer_a_0_isr                     


GLOBAL SYMBOLS: SORTED BY Symbol Address 

address   name                              
-------   ----                              
00000000  __TI_static_base__                
00000000  g_pfnVectors                      
00000145  CS_initClockSignal                
00000200  __STACK_SIZE                      
00000225  main                              
00000297  timer_a_0_isr                     
000002c5  __aeabi_memcpy                    
000002c5  __aeabi_memcpy4                   
000002c5  __aeabi_memcpy8                   
000002c5  memcpy                            
00000361  __aeabi_memclr                    
00000361  __aeabi_memclr4                   
00000361  __aeabi_memclr8                   
00000363  __aeabi_memset                    
00000363  __aeabi_memset4                   
00000363  __aeabi_memset8                   
00000369  memset                            
000003dd  __TI_auto_init                    
000004b5  _c_int00                          
00000505  copy_in                           
00000551  C$$EXIT                           
00000555  abort                             
0000055d  exit                              
00000595  GPIO_setAsOutputPin               
000005b9  CS_setReferenceOscillatorFrequency
000005d5  GPIO_setOutputLowOnPin            
000005ed  _args_main                        
00000605  GPIO_toggleOutputOnPin            
00000619  _register_unlock                  
0000061f  _register_lock                    
00000627  _nop                              
0000062d  __TI_decompress_none              
0000063b  ResetISR                          
00000647  __TI_decompress_rle24             
0000064d  _system_pre_init                  
00000680  continuousModeConfig              
000006a0  __TI_Handler_Table_Base           
000006a8  __TI_CINIT_Base                   
000006a8  __TI_Handler_Table_Limit          
000006b0  __TI_CINIT_Limit                  
20000000  _lock                             
20000004  _unlock                           
20000008  __TI_cleanup_ptr                  
2000000c  __TI_dtors_ptr                    
20000010  main_func_sp                      
2000fe00  __stack                           
20010000  __STACK_END                       
ffffffff  __binit__                         
ffffffff  __c_args__                        
ffffffff  binit                             
UNDEFED   SHT$$INIT_ARRAY$$Base             
UNDEFED   SHT$$INIT_ARRAY$$Limit            

[52 symbols]
