******************************************************************************
                  TI ARM Linker PC v5.2.6                      
******************************************************************************
>> Linked Wed Apr 13 12:48:38 2016

OUTPUT FILE NAME:   <uart_loopback_48mhz_brclk.out>
ENTRY POINT SYMBOL: "_c_int00"  address: 00000fb5


MEMORY CONFIGURATION

         name            origin    length      used     unused   attr    fill
----------------------  --------  ---------  --------  --------  ----  --------
  FLASH                 00000000   00040000  000013d4  0003ec2c  R  X
  FLASH_OTP             00200000   00004000  00000000  00004000  R  X
  SRAM                  20000000   00010000  000002a0  0000fd60  RW X


SEGMENT ALLOCATION MAP

run origin  load origin   length   init length attrs members
----------  ----------- ---------- ----------- ----- -------
00000000    00000000    000013d8   000013d8    r-x
  00000000    00000000    00000144   00000144    r-- .intvecs
  00000144    00000144    0000110c   0000110c    r-x .text
  00001250    00001250    000000d4   000000d4    r-- .const
  00001328    00001328    000000b0   000000b0    r-- .cinit
20000000    20000000    000000a0   00000000    rw-
  20000000    20000000    00000094   00000000    rw- .data
  20000094    20000094    0000000c   00000000    rw- .bss
2000fe00    2000fe00    00000200   00000000    rw-
  2000fe00    2000fe00    00000200   00000000    rw- .stack


SECTION ALLOCATION MAP

 output                                  attributes/
section   page    origin      length       input sections
--------  ----  ----------  ----------   ----------------
.intvecs   0    00000000    00000144     
                  00000000    00000144     msp432_startup_ccs.obj (.intvecs)

.text      0    00000144    0000110c     
                  00000144    000006ac     uart_loopback_48mhz_brclk.obj (.text)
                  000007f0    00000254     printf.obj (.text)
                  00000a44    00000136     rtsv7M4_T_le_v4SPD16_eabi.lib : fd_div_t2.obj (.text)
                  00000b7a    000000fc                                   : fd_mul_t2.obj (.text)
                  00000c76    00000002     --HOLE-- [fill = 0]
                  00000c78    000000e0     msp432p4xx_driverlib.lib : cs.o (.text:CS_initClockSignal)
                  00000d58    0000009c     rtsv7M4_T_le_v4SPD16_eabi.lib : memcpy_t2.obj (.text)
                  00000df4    0000007a                                   : memset_t2.obj (.text)
                  00000e6e    0000006e                                   : fd_tos_t2.obj (.text)
                  00000edc    0000006c                                   : autoinit.obj (.text)
                  00000f48    0000006a                                   : copy_decompress_rle.obj (.text)
                  00000fb2    00000002     --HOLE-- [fill = 0]
                  00000fb4    00000050                                   : boot.obj (.text)
                  00001004    0000004c     msp432p4xx_driverlib.lib : gpio.o (.text:GPIO_setAsPeripheralModuleFunctionInputPin)
                  00001050    0000004c                              : gpio.o (.text:GPIO_setAsPeripheralModuleFunctionOutputPin)
                  0000109c    0000004c     rtsv7M4_T_le_v4SPD16_eabi.lib : cpy_tbl.obj (.text)
                  000010e8    00000044                                   : exit.obj (.text)
                  0000112c    00000030     msp432p4xx_driverlib.lib : gpio.o (.text:GPIO_getEnabledInterruptStatus)
                  0000115c    0000002e     rtsv7M4_T_le_v4SPD16_eabi.lib : i_tofd_t2.obj (.text)
                  0000118a    00000002     --HOLE-- [fill = 0]
                  0000118c    00000024     msp432p4xx_driverlib.lib : cs.o (.text:CS_setDCOCenteredFrequency)
                  000011b0    0000001c                              : cs.o (.text:CS_setReferenceOscillatorFrequency)
                  000011cc    00000018                              : gpio.o (.text:GPIO_clearInterruptFlag)
                  000011e4    00000018     rtsv7M4_T_le_v4SPD16_eabi.lib : args_main.obj (.text)
                  000011fc    00000014                                   : _lock.obj (.text)
                  00001210    00000010     msp432p4xx_driverlib.lib : gpio.o (.text:GPIO_getInterruptStatus)
                  00001220    0000000e     rtsv7M4_T_le_v4SPD16_eabi.lib : copy_decompress_none.obj (.text:decompress:none)
                  0000122e    0000000c                                   : copy_zero_init.obj (.text:decompress:ZI)
                  0000123a    0000000c     msp432_startup_ccs.obj (.text)
                  00001246    00000006     rtsv7M4_T_le_v4SPD16_eabi.lib : copy_decompress_rle.obj (.text:decompress:rle24)
                  0000124c    00000004                                   : pre_init.obj (.text)

.const     0    00001250    000000d4     
                  00001250    00000030     msp432p4xx_driverlib.lib : gpio.o (.const:GPIO_PORT_TO_BASE)
                  00001280    00000028     printf.obj (.const:dv)
                  000012a8    00000024     uart_loopback_48mhz_brclk.obj (.const:debugLoggingConfig)
                  000012cc    00000024     uart_loopback_48mhz_brclk.obj (.const:uartConfig)
                  000012f0    00000024     uart_loopback_48mhz_brclk.obj (.const:vbatUartConfig)
                  00001314    00000010     printf.obj (.const:.string)

.cinit     0    00001328    000000b0     
                  00001328    00000085     (.cinit..data.load) [load image, compression = rle]
                  000013ad    00000003     --HOLE-- [fill = 0]
                  000013b0    0000000c     (__TI_handler_table)
                  000013bc    00000004     --HOLE-- [fill = 0]
                  000013c0    00000008     (.cinit..bss.load) [load image, compression = zero_init]
                  000013c8    00000010     (__TI_cinit_table)

.data      0    20000000    00000094     UNINITIALIZED
                  20000000    00000080     uart_loopback_48mhz_brclk.obj (.data)
                  20000080    00000008     rtsv7M4_T_le_v4SPD16_eabi.lib : _lock.obj (.data)
                  20000088    00000008                                   : exit.obj (.data)
                  20000090    00000004                                   : stkdepth_vars.obj (.data)

.bss       0    20000094    0000000c     UNINITIALIZED
                  20000094    00000008     (.common:joy_buff)
                  2000009c    00000004     (.common:telemetry_buff)

.TI.persistent 
*          0    20000000    00000000     UNINITIALIZED

.TI.noinit 
*          0    20000094    00000000     UNINITIALIZED

.stack     0    2000fe00    00000200     UNINITIALIZED
                  2000fe00    00000200     --HOLE--


LINKER GENERATED COPY TABLES

__TI_cinit_table @ 000013c8 records: 2, size/record: 8, table size: 16
	.data: load addr=00001328, load size=00000085 bytes, run addr=20000000, run size=00000094 bytes, compression=rle
	.bss: load addr=000013c0, load size=00000008 bytes, run addr=20000094, run size=0000000c bytes, compression=zero_init


LINKER GENERATED HANDLER TABLE

__TI_handler_table @ 000013b0 records: 3, size/record: 4, table size: 12
	index: 0, handler: __TI_decompress_rle24
	index: 1, handler: __TI_decompress_none
	index: 2, handler: __TI_zero_init


GLOBAL SYMBOLS: SORTED ALPHABETICALLY BY Name 

address   name                                       
-------   ----                                       
000010e9  C$$EXIT                                    
00000c79  CS_initClockSignal                         
0000118d  CS_setDCOCenteredFrequency                 
000011b1  CS_setReferenceOscillatorFrequency         
000011cd  GPIO_clearInterruptFlag                    
0000112d  GPIO_getEnabledInterruptStatus             
00001211  GPIO_getInterruptStatus                    
00001005  GPIO_setAsPeripheralModuleFunctionInputPin 
00001051  GPIO_setAsPeripheralModuleFunctionOutputPin
0000123b  ResetISR                                   
UNDEFED   SHT$$INIT_ARRAY$$Base                      
UNDEFED   SHT$$INIT_ARRAY$$Limit                     
20010000  __STACK_END                                
00000200  __STACK_SIZE                               
000013c8  __TI_CINIT_Base                            
000013d8  __TI_CINIT_Limit                           
000013b0  __TI_Handler_Table_Base                    
000013bc  __TI_Handler_Table_Limit                   
00000edd  __TI_auto_init                             
20000088  __TI_cleanup_ptr                           
00001221  __TI_decompress_none                       
00001247  __TI_decompress_rle24                      
2000008c  __TI_dtors_ptr                             
00000000  __TI_static_base__                         
0000122f  __TI_zero_init                             
00000e6f  __aeabi_d2f                                
00000a45  __aeabi_ddiv                               
00000b7b  __aeabi_dmul                               
0000115d  __aeabi_i2d                                
00000df5  __aeabi_memclr                             
00000df5  __aeabi_memclr4                            
00000df5  __aeabi_memclr8                            
00000d59  __aeabi_memcpy                             
00000d59  __aeabi_memcpy4                            
00000d59  __aeabi_memcpy8                            
00000df7  __aeabi_memset                             
00000df7  __aeabi_memset4                            
00000df7  __aeabi_memset8                            
ffffffff  __binit__                                  
ffffffff  __c_args__                                 
2000fe00  __stack                                    
000011e5  _args_main                                 
00000fb5  _c_int00                                   
20000080  _lock                                      
0000120b  _nop                                       
00001203  _register_lock                             
000011fd  _register_unlock                           
0000124d  _system_pre_init                           
20000084  _unlock                                    
000010ed  abort                                      
ffffffff  binit                                      
0000109d  copy_in                                    
000012a8  debugLoggingConfig                         
000003b9  euscia0_isr                                
0000059d  euscia1_isr                                
000010f5  exit                                       
00000000  g_pfnVectors                               
20000094  joy_buff                                   
20000000  joy_idx                                    
0000024b  main                                       
20000090  main_func_sp                               
00000d59  memcpy                                     
00000dfd  memset                                     
00000725  port1_isr                                  
00000145  printFrame                                 
000008d5  printf                                     
0000082f  putc                                       
0000080b  puts                                       
20000008  pwmConfigA                                 
20000020  pwmConfigB                                 
20000038  pwmConfigC                                 
20000050  pwmConfigD                                 
20000068  pwmConfigE                                 
000007f1  sendByte                                   
0000021b  setupSerialLogging                         
2000009c  telemetry_buff                             
20000004  telemetry_idx                              
000012cc  uartConfig                                 
000012f0  vbatUartConfig                             


GLOBAL SYMBOLS: SORTED BY Symbol Address 

address   name                                       
-------   ----                                       
00000000  __TI_static_base__                         
00000000  g_pfnVectors                               
00000145  printFrame                                 
00000200  __STACK_SIZE                               
0000021b  setupSerialLogging                         
0000024b  main                                       
000003b9  euscia0_isr                                
0000059d  euscia1_isr                                
00000725  port1_isr                                  
000007f1  sendByte                                   
0000080b  puts                                       
0000082f  putc                                       
000008d5  printf                                     
00000a45  __aeabi_ddiv                               
00000b7b  __aeabi_dmul                               
00000c79  CS_initClockSignal                         
00000d59  __aeabi_memcpy                             
00000d59  __aeabi_memcpy4                            
00000d59  __aeabi_memcpy8                            
00000d59  memcpy                                     
00000df5  __aeabi_memclr                             
00000df5  __aeabi_memclr4                            
00000df5  __aeabi_memclr8                            
00000df7  __aeabi_memset                             
00000df7  __aeabi_memset4                            
00000df7  __aeabi_memset8                            
00000dfd  memset                                     
00000e6f  __aeabi_d2f                                
00000edd  __TI_auto_init                             
00000fb5  _c_int00                                   
00001005  GPIO_setAsPeripheralModuleFunctionInputPin 
00001051  GPIO_setAsPeripheralModuleFunctionOutputPin
0000109d  copy_in                                    
000010e9  C$$EXIT                                    
000010ed  abort                                      
000010f5  exit                                       
0000112d  GPIO_getEnabledInterruptStatus             
0000115d  __aeabi_i2d                                
0000118d  CS_setDCOCenteredFrequency                 
000011b1  CS_setReferenceOscillatorFrequency         
000011cd  GPIO_clearInterruptFlag                    
000011e5  _args_main                                 
000011fd  _register_unlock                           
00001203  _register_lock                             
0000120b  _nop                                       
00001211  GPIO_getInterruptStatus                    
00001221  __TI_decompress_none                       
0000122f  __TI_zero_init                             
0000123b  ResetISR                                   
00001247  __TI_decompress_rle24                      
0000124d  _system_pre_init                           
000012a8  debugLoggingConfig                         
000012cc  uartConfig                                 
000012f0  vbatUartConfig                             
000013b0  __TI_Handler_Table_Base                    
000013bc  __TI_Handler_Table_Limit                   
000013c8  __TI_CINIT_Base                            
000013d8  __TI_CINIT_Limit                           
20000000  joy_idx                                    
20000004  telemetry_idx                              
20000008  pwmConfigA                                 
20000020  pwmConfigB                                 
20000038  pwmConfigC                                 
20000050  pwmConfigD                                 
20000068  pwmConfigE                                 
20000080  _lock                                      
20000084  _unlock                                    
20000088  __TI_cleanup_ptr                           
2000008c  __TI_dtors_ptr                             
20000090  main_func_sp                               
20000094  joy_buff                                   
2000009c  telemetry_buff                             
2000fe00  __stack                                    
20010000  __STACK_END                                
ffffffff  __binit__                                  
ffffffff  __c_args__                                 
ffffffff  binit                                      
UNDEFED   SHT$$INIT_ARRAY$$Base                      
UNDEFED   SHT$$INIT_ARRAY$$Limit                     

[79 symbols]
