******************************************************************************
                  TI ARM Linker PC v5.2.6                      
******************************************************************************
>> Linked Thu Apr 07 20:19:44 2016

OUTPUT FILE NAME:   <uart_loopback_48mhz_brclk.out>
ENTRY POINT SYMBOL: "_c_int00"  address: 00000bed


MEMORY CONFIGURATION

         name            origin    length      used     unused   attr    fill
----------------------  --------  ---------  --------  --------  ----  --------
  FLASH                 00000000   00040000  0000103c  0003efc4  R  X
  FLASH_OTP             00200000   00004000  00000000  00004000  R  X
  SRAM                  20000000   00010000  000002a3  0000fd5d  RW X


SEGMENT ALLOCATION MAP

run origin  load origin   length   init length attrs members
----------  ----------- ---------- ----------- ----- -------
00000000    00000000    00001040   00001040    r-x
  00000000    00000000    00000144   00000144    r-- .intvecs
  00000144    00000144    00000da8   00000da8    r-x .text
  00000eec    00000eec    000000b0   000000b0    r-- .const
  00000fa0    00000fa0    000000a0   000000a0    r-- .cinit
20000000    20000000    000000a3   00000000    rw-
  20000000    20000000    00000088   00000000    rw- .data
  20000088    20000088    0000001b   00000000    rw- .bss
2000fe00    2000fe00    00000200   00000000    rw-
  2000fe00    2000fe00    00000200   00000000    rw- .stack


SECTION ALLOCATION MAP

 output                                  attributes/
section   page    origin      length       input sections
--------  ----  ----------  ----------   ----------------
.intvecs   0    00000000    00000144     
                  00000000    00000144     msp432_startup_ccs.obj (.intvecs)

.text      0    00000144    00000da8     
                  00000144    00000584     uart_loopback_48mhz_brclk.obj (.text)
                  000006c8    00000254     printf.obj (.text)
                  0000091c    000000e0     msp432p4xx_driverlib.lib : cs.o (.text:CS_initClockSignal)
                  000009fc    0000009c     rtsv7M4_T_le_v4SPD16_eabi.lib : memcpy_t2.obj (.text)
                  00000a98    0000007a                                   : memset_t2.obj (.text)
                  00000b12    00000002     --HOLE-- [fill = 0]
                  00000b14    0000006c                                   : autoinit.obj (.text)
                  00000b80    0000006a                                   : copy_decompress_rle.obj (.text)
                  00000bea    00000002     --HOLE-- [fill = 0]
                  00000bec    00000050                                   : boot.obj (.text)
                  00000c3c    0000004c     msp432p4xx_driverlib.lib : gpio.o (.text:GPIO_setAsPeripheralModuleFunctionInputPin)
                  00000c88    0000004c                              : gpio.o (.text:GPIO_setAsPeripheralModuleFunctionOutputPin)
                  00000cd4    0000004c     rtsv7M4_T_le_v4SPD16_eabi.lib : cpy_tbl.obj (.text)
                  00000d20    00000044                                   : exit.obj (.text)
                  00000d64    00000030     msp432p4xx_driverlib.lib : gpio.o (.text:GPIO_getEnabledInterruptStatus)
                  00000d94    00000030                              : gpio.o (.text:GPIO_setAsInputPinWithPullUpResistor)
                  00000dc4    00000024                              : cs.o (.text:CS_setDCOCenteredFrequency)
                  00000de8    00000024                              : gpio.o (.text:GPIO_setAsOutputPin)
                  00000e0c    0000001c                              : cs.o (.text:CS_setReferenceOscillatorFrequency)
                  00000e28    00000018                              : gpio.o (.text:GPIO_clearInterruptFlag)
                  00000e40    00000018                              : gpio.o (.text:GPIO_setOutputLowOnPin)
                  00000e58    00000018     rtsv7M4_T_le_v4SPD16_eabi.lib : args_main.obj (.text)
                  00000e70    00000014     msp432p4xx_driverlib.lib : gpio.o (.text:GPIO_enableInterrupt)
                  00000e84    00000014                              : gpio.o (.text:GPIO_setOutputHighOnPin)
                  00000e98    00000014     rtsv7M4_T_le_v4SPD16_eabi.lib : _lock.obj (.text)
                  00000eac    00000010     msp432p4xx_driverlib.lib : gpio.o (.text:GPIO_getInterruptStatus)
                  00000ebc    0000000e     rtsv7M4_T_le_v4SPD16_eabi.lib : copy_decompress_none.obj (.text:decompress:none)
                  00000eca    0000000c                                   : copy_zero_init.obj (.text:decompress:ZI)
                  00000ed6    0000000c     msp432_startup_ccs.obj (.text)
                  00000ee2    00000006     rtsv7M4_T_le_v4SPD16_eabi.lib : copy_decompress_rle.obj (.text:decompress:rle24)
                  00000ee8    00000004                                   : pre_init.obj (.text)

.const     0    00000eec    000000b0     
                  00000eec    00000030     msp432p4xx_driverlib.lib : gpio.o (.const:GPIO_PORT_TO_BASE)
                  00000f1c    00000028     printf.obj (.const:dv)
                  00000f44    00000024     uart_loopback_48mhz_brclk.obj (.const:debugLoggingConfig)
                  00000f68    00000024     uart_loopback_48mhz_brclk.obj (.const:uartConfig)
                  00000f8c    00000010     printf.obj (.const:.string)

.cinit     0    00000fa0    000000a0     
                  00000fa0    00000079     (.cinit..data.load) [load image, compression = rle]
                  00001019    00000003     --HOLE-- [fill = 0]
                  0000101c    0000000c     (__TI_handler_table)
                  00001028    00000008     (.cinit..bss.load) [load image, compression = zero_init]
                  00001030    00000010     (__TI_cinit_table)

.data      0    20000000    00000088     UNINITIALIZED
                  20000000    00000074     uart_loopback_48mhz_brclk.obj (.data)
                  20000074    00000008     rtsv7M4_T_le_v4SPD16_eabi.lib : _lock.obj (.data)
                  2000007c    00000008                                   : exit.obj (.data)
                  20000084    00000004                                   : stkdepth_vars.obj (.data)

.bss       0    20000088    0000001b     UNINITIALIZED
                  20000088    0000000c     (.common:recvFrame)
                  20000094    00000008     (.common:telemetry_buff)
                  2000009c    00000007     (.common:currFrame)

.TI.persistent 
*          0    20000000    00000000     UNINITIALIZED

.TI.noinit 
*          0    20000088    00000000     UNINITIALIZED

.stack     0    2000fe00    00000200     UNINITIALIZED
                  2000fe00    00000200     --HOLE--


LINKER GENERATED COPY TABLES

__TI_cinit_table @ 00001030 records: 2, size/record: 8, table size: 16
	.data: load addr=00000fa0, load size=00000079 bytes, run addr=20000000, run size=00000088 bytes, compression=rle
	.bss: load addr=00001028, load size=00000008 bytes, run addr=20000088, run size=0000001b bytes, compression=zero_init


LINKER GENERATED HANDLER TABLE

__TI_handler_table @ 0000101c records: 3, size/record: 4, table size: 12
	index: 0, handler: __TI_decompress_rle24
	index: 1, handler: __TI_decompress_none
	index: 2, handler: __TI_zero_init


GLOBAL SYMBOLS: SORTED ALPHABETICALLY BY Name 

address   name                                       
-------   ----                                       
00000d21  C$$EXIT                                    
0000091d  CS_initClockSignal                         
00000dc5  CS_setDCOCenteredFrequency                 
00000e0d  CS_setReferenceOscillatorFrequency         
00000e29  GPIO_clearInterruptFlag                    
00000e71  GPIO_enableInterrupt                       
00000d65  GPIO_getEnabledInterruptStatus             
00000ead  GPIO_getInterruptStatus                    
00000d95  GPIO_setAsInputPinWithPullUpResistor       
00000de9  GPIO_setAsOutputPin                        
00000c3d  GPIO_setAsPeripheralModuleFunctionInputPin 
00000c89  GPIO_setAsPeripheralModuleFunctionOutputPin
00000e85  GPIO_setOutputHighOnPin                    
00000e41  GPIO_setOutputLowOnPin                     
2000000c  LED_status                                 
20000004  RXData                                     
00000ed7  ResetISR                                   
UNDEFED   SHT$$INIT_ARRAY$$Base                      
UNDEFED   SHT$$INIT_ARRAY$$Limit                     
20000008  TXData                                     
20010000  __STACK_END                                
00000200  __STACK_SIZE                               
00001030  __TI_CINIT_Base                            
00001040  __TI_CINIT_Limit                           
0000101c  __TI_Handler_Table_Base                    
00001028  __TI_Handler_Table_Limit                   
00000b15  __TI_auto_init                             
2000007c  __TI_cleanup_ptr                           
00000ebd  __TI_decompress_none                       
00000ee3  __TI_decompress_rle24                      
20000080  __TI_dtors_ptr                             
00000000  __TI_static_base__                         
00000ecb  __TI_zero_init                             
00000a99  __aeabi_memclr                             
00000a99  __aeabi_memclr4                            
00000a99  __aeabi_memclr8                            
000009fd  __aeabi_memcpy                             
000009fd  __aeabi_memcpy4                            
000009fd  __aeabi_memcpy8                            
00000a9b  __aeabi_memset                             
00000a9b  __aeabi_memset4                            
00000a9b  __aeabi_memset8                            
ffffffff  __binit__                                  
ffffffff  __c_args__                                 
2000fe00  __stack                                    
00000e59  _args_main                                 
00000bed  _c_int00                                   
20000074  _lock                                      
00000ea7  _nop                                       
00000e9f  _register_lock                             
00000e99  _register_unlock                           
00000ee9  _system_pre_init                           
20000078  _unlock                                    
00000d25  abort                                      
ffffffff  binit                                      
20000010  byte_cnt                                   
00000cd5  copy_in                                    
00000f44  debugLoggingConfig                         
000003f9  euscia0_isr                                
00000d2d  exit                                       
20000000  framewidth_count                           
00000000  g_pfnVectors                               
00000195  main                                       
20000084  main_func_sp                               
000009fd  memcpy                                     
00000aa1  memset                                     
000005e1  port1_isr                                  
00000145  printFrame                                 
000007ad  printf                                     
000002ed  processMotherboardFrame                    
00000707  putc                                       
000006e3  puts                                       
20000014  pwmConfigA                                 
2000002c  pwmConfigB                                 
20000044  pwmConfigC                                 
2000005c  pwmConfigD                                 
20000088  recvFrame                                  
000006c9  sendByte                                   
00000165  setupSerialLogging                         
20000094  telemetry_buff                             
00000f68  uartConfig                                 


GLOBAL SYMBOLS: SORTED BY Symbol Address 

address   name                                       
-------   ----                                       
00000000  __TI_static_base__                         
00000000  g_pfnVectors                               
00000145  printFrame                                 
00000165  setupSerialLogging                         
00000195  main                                       
00000200  __STACK_SIZE                               
000002ed  processMotherboardFrame                    
000003f9  euscia0_isr                                
000005e1  port1_isr                                  
000006c9  sendByte                                   
000006e3  puts                                       
00000707  putc                                       
000007ad  printf                                     
0000091d  CS_initClockSignal                         
000009fd  __aeabi_memcpy                             
000009fd  __aeabi_memcpy4                            
000009fd  __aeabi_memcpy8                            
000009fd  memcpy                                     
00000a99  __aeabi_memclr                             
00000a99  __aeabi_memclr4                            
00000a99  __aeabi_memclr8                            
00000a9b  __aeabi_memset                             
00000a9b  __aeabi_memset4                            
00000a9b  __aeabi_memset8                            
00000aa1  memset                                     
00000b15  __TI_auto_init                             
00000bed  _c_int00                                   
00000c3d  GPIO_setAsPeripheralModuleFunctionInputPin 
00000c89  GPIO_setAsPeripheralModuleFunctionOutputPin
00000cd5  copy_in                                    
00000d21  C$$EXIT                                    
00000d25  abort                                      
00000d2d  exit                                       
00000d65  GPIO_getEnabledInterruptStatus             
00000d95  GPIO_setAsInputPinWithPullUpResistor       
00000dc5  CS_setDCOCenteredFrequency                 
00000de9  GPIO_setAsOutputPin                        
00000e0d  CS_setReferenceOscillatorFrequency         
00000e29  GPIO_clearInterruptFlag                    
00000e41  GPIO_setOutputLowOnPin                     
00000e59  _args_main                                 
00000e71  GPIO_enableInterrupt                       
00000e85  GPIO_setOutputHighOnPin                    
00000e99  _register_unlock                           
00000e9f  _register_lock                             
00000ea7  _nop                                       
00000ead  GPIO_getInterruptStatus                    
00000ebd  __TI_decompress_none                       
00000ecb  __TI_zero_init                             
00000ed7  ResetISR                                   
00000ee3  __TI_decompress_rle24                      
00000ee9  _system_pre_init                           
00000f44  debugLoggingConfig                         
00000f68  uartConfig                                 
0000101c  __TI_Handler_Table_Base                    
00001028  __TI_Handler_Table_Limit                   
00001030  __TI_CINIT_Base                            
00001040  __TI_CINIT_Limit                           
20000000  framewidth_count                           
20000004  RXData                                     
20000008  TXData                                     
2000000c  LED_status                                 
20000010  byte_cnt                                   
20000014  pwmConfigA                                 
2000002c  pwmConfigB                                 
20000044  pwmConfigC                                 
2000005c  pwmConfigD                                 
20000074  _lock                                      
20000078  _unlock                                    
2000007c  __TI_cleanup_ptr                           
20000080  __TI_dtors_ptr                             
20000084  main_func_sp                               
20000088  recvFrame                                  
20000094  telemetry_buff                             
2000fe00  __stack                                    
20010000  __STACK_END                                
ffffffff  __binit__                                  
ffffffff  __c_args__                                 
ffffffff  binit                                      
UNDEFED   SHT$$INIT_ARRAY$$Base                      
UNDEFED   SHT$$INIT_ARRAY$$Limit                     

[81 symbols]
