******************************************************************************
                  TI ARM Linker PC v5.2.6                      
******************************************************************************
>> Linked Wed Apr 13 06:50:43 2016

OUTPUT FILE NAME:   <uart_loopback_48mhz_brclk.out>
ENTRY POINT SYMBOL: "_c_int00"  address: 00000f3d


MEMORY CONFIGURATION

         name            origin    length      used     unused   attr    fill
----------------------  --------  ---------  --------  --------  ----  --------
  FLASH                 00000000   00040000  0000135c  0003eca4  R  X
  FLASH_OTP             00200000   00004000  00000000  00004000  R  X
  SRAM                  20000000   00010000  000002a0  0000fd60  RW X


SEGMENT ALLOCATION MAP

run origin  load origin   length   init length attrs members
----------  ----------- ---------- ----------- ----- -------
00000000    00000000    00001360   00001360    r-x
  00000000    00000000    00000144   00000144    r-- .intvecs
  00000144    00000144    00001094   00001094    r-x .text
  000011d8    000011d8    000000d4   000000d4    r-- .const
  000012b0    000012b0    000000b0   000000b0    r-- .cinit
20000000    20000000    000000a0   00000000    rw-
  20000000    20000000    00000094   00000000    rw- .data
  20000094    20000094    0000000c   00000000    rw- .bss
2000fe00    2000fe00    00000200   00000000    rw-
  2000fe00    2000fe00    00000200   00000000    rw- .stack


SECTION ALLOCATION MAP

 output                                  attributes/
section   page    origin      length       input sections
--------  ----  ----------  ----------   ----------------
.intvecs   0    00000000    00000144     
                  00000000    00000144     msp432_startup_ccs.obj (.intvecs)

.text      0    00000144    00001094     
                  00000144    00000634     uart_loopback_48mhz_brclk.obj (.text)
                  00000778    00000254     printf.obj (.text)
                  000009cc    00000136     rtsv7M4_T_le_v4SPD16_eabi.lib : fd_div_t2.obj (.text)
                  00000b02    000000fc                                   : fd_mul_t2.obj (.text)
                  00000bfe    00000002     --HOLE-- [fill = 0]
                  00000c00    000000e0     msp432p4xx_driverlib.lib : cs.o (.text:CS_initClockSignal)
                  00000ce0    0000009c     rtsv7M4_T_le_v4SPD16_eabi.lib : memcpy_t2.obj (.text)
                  00000d7c    0000007a                                   : memset_t2.obj (.text)
                  00000df6    0000006e                                   : fd_tos_t2.obj (.text)
                  00000e64    0000006c                                   : autoinit.obj (.text)
                  00000ed0    0000006a                                   : copy_decompress_rle.obj (.text)
                  00000f3a    00000002     --HOLE-- [fill = 0]
                  00000f3c    00000050                                   : boot.obj (.text)
                  00000f8c    0000004c     msp432p4xx_driverlib.lib : gpio.o (.text:GPIO_setAsPeripheralModuleFunctionInputPin)
                  00000fd8    0000004c                              : gpio.o (.text:GPIO_setAsPeripheralModuleFunctionOutputPin)
                  00001024    0000004c     rtsv7M4_T_le_v4SPD16_eabi.lib : cpy_tbl.obj (.text)
                  00001070    00000044                                   : exit.obj (.text)
                  000010b4    00000030     msp432p4xx_driverlib.lib : gpio.o (.text:GPIO_getEnabledInterruptStatus)
                  000010e4    0000002e     rtsv7M4_T_le_v4SPD16_eabi.lib : i_tofd_t2.obj (.text)
                  00001112    00000002     --HOLE-- [fill = 0]
                  00001114    00000024     msp432p4xx_driverlib.lib : cs.o (.text:CS_setDCOCenteredFrequency)
                  00001138    0000001c                              : cs.o (.text:CS_setReferenceOscillatorFrequency)
                  00001154    00000018                              : gpio.o (.text:GPIO_clearInterruptFlag)
                  0000116c    00000018     rtsv7M4_T_le_v4SPD16_eabi.lib : args_main.obj (.text)
                  00001184    00000014                                   : _lock.obj (.text)
                  00001198    00000010     msp432p4xx_driverlib.lib : gpio.o (.text:GPIO_getInterruptStatus)
                  000011a8    0000000e     rtsv7M4_T_le_v4SPD16_eabi.lib : copy_decompress_none.obj (.text:decompress:none)
                  000011b6    0000000c                                   : copy_zero_init.obj (.text:decompress:ZI)
                  000011c2    0000000c     msp432_startup_ccs.obj (.text)
                  000011ce    00000006     rtsv7M4_T_le_v4SPD16_eabi.lib : copy_decompress_rle.obj (.text:decompress:rle24)
                  000011d4    00000004                                   : pre_init.obj (.text)

.const     0    000011d8    000000d4     
                  000011d8    00000030     msp432p4xx_driverlib.lib : gpio.o (.const:GPIO_PORT_TO_BASE)
                  00001208    00000028     printf.obj (.const:dv)
                  00001230    00000024     uart_loopback_48mhz_brclk.obj (.const:debugLoggingConfig)
                  00001254    00000024     uart_loopback_48mhz_brclk.obj (.const:uartConfig)
                  00001278    00000024     uart_loopback_48mhz_brclk.obj (.const:vbatUartConfig)
                  0000129c    00000010     printf.obj (.const:.string)

.cinit     0    000012b0    000000b0     
                  000012b0    00000085     (.cinit..data.load) [load image, compression = rle]
                  00001335    00000003     --HOLE-- [fill = 0]
                  00001338    0000000c     (__TI_handler_table)
                  00001344    00000004     --HOLE-- [fill = 0]
                  00001348    00000008     (.cinit..bss.load) [load image, compression = zero_init]
                  00001350    00000010     (__TI_cinit_table)

.data      0    20000000    00000094     UNINITIALIZED
                  20000000    00000080     uart_loopback_48mhz_brclk.obj (.data)
                  20000080    00000008     rtsv7M4_T_le_v4SPD16_eabi.lib : _lock.obj (.data)
                  20000088    00000008                                   : exit.obj (.data)
                  20000090    00000004                                   : stkdepth_vars.obj (.data)

.bss       0    20000094    0000000c     UNINITIALIZED
                  20000094    00000008     (.common:joy_buff)
                  2000009c    00000004     (.common:telemetry_buff)

.TI.persistent 
*          0    20000000    00000000     UNINITIALIZED

.TI.noinit 
*          0    20000094    00000000     UNINITIALIZED

.stack     0    2000fe00    00000200     UNINITIALIZED
                  2000fe00    00000200     --HOLE--


LINKER GENERATED COPY TABLES

__TI_cinit_table @ 00001350 records: 2, size/record: 8, table size: 16
	.data: load addr=000012b0, load size=00000085 bytes, run addr=20000000, run size=00000094 bytes, compression=rle
	.bss: load addr=00001348, load size=00000008 bytes, run addr=20000094, run size=0000000c bytes, compression=zero_init


LINKER GENERATED HANDLER TABLE

__TI_handler_table @ 00001338 records: 3, size/record: 4, table size: 12
	index: 0, handler: __TI_decompress_rle24
	index: 1, handler: __TI_decompress_none
	index: 2, handler: __TI_zero_init


GLOBAL SYMBOLS: SORTED ALPHABETICALLY BY Name 

address   name                                       
-------   ----                                       
00001071  C$$EXIT                                    
00000c01  CS_initClockSignal                         
00001115  CS_setDCOCenteredFrequency                 
00001139  CS_setReferenceOscillatorFrequency         
00001155  GPIO_clearInterruptFlag                    
000010b5  GPIO_getEnabledInterruptStatus             
00001199  GPIO_getInterruptStatus                    
00000f8d  GPIO_setAsPeripheralModuleFunctionInputPin 
00000fd9  GPIO_setAsPeripheralModuleFunctionOutputPin
000011c3  ResetISR                                   
UNDEFED   SHT$$INIT_ARRAY$$Base                      
UNDEFED   SHT$$INIT_ARRAY$$Limit                     
20010000  __STACK_END                                
00000200  __STACK_SIZE                               
00001350  __TI_CINIT_Base                            
00001360  __TI_CINIT_Limit                           
00001338  __TI_Handler_Table_Base                    
00001344  __TI_Handler_Table_Limit                   
00000e65  __TI_auto_init                             
20000088  __TI_cleanup_ptr                           
000011a9  __TI_decompress_none                       
000011cf  __TI_decompress_rle24                      
2000008c  __TI_dtors_ptr                             
00000000  __TI_static_base__                         
000011b7  __TI_zero_init                             
00000df7  __aeabi_d2f                                
000009cd  __aeabi_ddiv                               
00000b03  __aeabi_dmul                               
000010e5  __aeabi_i2d                                
00000d7d  __aeabi_memclr                             
00000d7d  __aeabi_memclr4                            
00000d7d  __aeabi_memclr8                            
00000ce1  __aeabi_memcpy                             
00000ce1  __aeabi_memcpy4                            
00000ce1  __aeabi_memcpy8                            
00000d7f  __aeabi_memset                             
00000d7f  __aeabi_memset4                            
00000d7f  __aeabi_memset8                            
ffffffff  __binit__                                  
ffffffff  __c_args__                                 
2000fe00  __stack                                    
0000116d  _args_main                                 
00000f3d  _c_int00                                   
20000080  _lock                                      
00001193  _nop                                       
0000118b  _register_lock                             
00001185  _register_unlock                           
000011d5  _system_pre_init                           
20000084  _unlock                                    
00001075  abort                                      
ffffffff  binit                                      
00001025  copy_in                                    
00001230  debugLoggingConfig                         
000003b9  euscia0_isr                                
0000056d  euscia1_isr                                
0000107d  exit                                       
00000000  g_pfnVectors                               
20000094  joy_buff                                   
20000000  joy_idx                                    
0000024b  main                                       
20000090  main_func_sp                               
00000ce1  memcpy                                     
00000d85  memset                                     
000006b5  port1_isr                                  
00000145  printFrame                                 
0000085d  printf                                     
000007b7  putc                                       
00000793  puts                                       
20000008  pwmConfigA                                 
20000020  pwmConfigB                                 
20000038  pwmConfigC                                 
20000050  pwmConfigD                                 
20000068  pwmConfigE                                 
00000779  sendByte                                   
0000021b  setupSerialLogging                         
2000009c  telemetry_buff                             
20000004  telemetry_idx                              
00001254  uartConfig                                 
00001278  vbatUartConfig                             


GLOBAL SYMBOLS: SORTED BY Symbol Address 

address   name                                       
-------   ----                                       
00000000  __TI_static_base__                         
00000000  g_pfnVectors                               
00000145  printFrame                                 
00000200  __STACK_SIZE                               
0000021b  setupSerialLogging                         
0000024b  main                                       
000003b9  euscia0_isr                                
0000056d  euscia1_isr                                
000006b5  port1_isr                                  
00000779  sendByte                                   
00000793  puts                                       
000007b7  putc                                       
0000085d  printf                                     
000009cd  __aeabi_ddiv                               
00000b03  __aeabi_dmul                               
00000c01  CS_initClockSignal                         
00000ce1  __aeabi_memcpy                             
00000ce1  __aeabi_memcpy4                            
00000ce1  __aeabi_memcpy8                            
00000ce1  memcpy                                     
00000d7d  __aeabi_memclr                             
00000d7d  __aeabi_memclr4                            
00000d7d  __aeabi_memclr8                            
00000d7f  __aeabi_memset                             
00000d7f  __aeabi_memset4                            
00000d7f  __aeabi_memset8                            
00000d85  memset                                     
00000df7  __aeabi_d2f                                
00000e65  __TI_auto_init                             
00000f3d  _c_int00                                   
00000f8d  GPIO_setAsPeripheralModuleFunctionInputPin 
00000fd9  GPIO_setAsPeripheralModuleFunctionOutputPin
00001025  copy_in                                    
00001071  C$$EXIT                                    
00001075  abort                                      
0000107d  exit                                       
000010b5  GPIO_getEnabledInterruptStatus             
000010e5  __aeabi_i2d                                
00001115  CS_setDCOCenteredFrequency                 
00001139  CS_setReferenceOscillatorFrequency         
00001155  GPIO_clearInterruptFlag                    
0000116d  _args_main                                 
00001185  _register_unlock                           
0000118b  _register_lock                             
00001193  _nop                                       
00001199  GPIO_getInterruptStatus                    
000011a9  __TI_decompress_none                       
000011b7  __TI_zero_init                             
000011c3  ResetISR                                   
000011cf  __TI_decompress_rle24                      
000011d5  _system_pre_init                           
00001230  debugLoggingConfig                         
00001254  uartConfig                                 
00001278  vbatUartConfig                             
00001338  __TI_Handler_Table_Base                    
00001344  __TI_Handler_Table_Limit                   
00001350  __TI_CINIT_Base                            
00001360  __TI_CINIT_Limit                           
20000000  joy_idx                                    
20000004  telemetry_idx                              
20000008  pwmConfigA                                 
20000020  pwmConfigB                                 
20000038  pwmConfigC                                 
20000050  pwmConfigD                                 
20000068  pwmConfigE                                 
20000080  _lock                                      
20000084  _unlock                                    
20000088  __TI_cleanup_ptr                           
2000008c  __TI_dtors_ptr                             
20000090  main_func_sp                               
20000094  joy_buff                                   
2000009c  telemetry_buff                             
2000fe00  __stack                                    
20010000  __STACK_END                                
ffffffff  __binit__                                  
ffffffff  __c_args__                                 
ffffffff  binit                                      
UNDEFED   SHT$$INIT_ARRAY$$Base                      
UNDEFED   SHT$$INIT_ARRAY$$Limit                     

[79 symbols]
